[
  { "issueId": "ovulatory_dysfunction", "diagnostic": { "result": "negative", "severity": "green" } }
]
