{ "label": "No urgent concerns identified", "priority": 3 }
